// Jest Snapshot v1, https://goo.gl/fbAQLP

exports[`App snapshot test 1`] = `
<div>
  <div
    className="navbar"
  >
    <ul>
      <li>
        <a
          href="#home"
        >
          My Store
        </a>
      </li>
      <li>
        <a
          href="#about"
        >
          About
        </a>
      </li>
      <li>
        <a
          href="#contact"
        >
          Contact
        </a>
      </li>
      <li
        style={
          Object {
            "float": "right",
          }
        }
      >
        <a
          href="/cart"
          onClick={[Function]}
        >
          <img
            alt="cart_image"
            className="cart_button active"
            src="https://www.phoca.cz/images/projects/phoca-cart-r.svg"
          />
        </a>
      </li>
    </ul>
  </div>
  <div>
    <div
      className="slider"
    >
      <p
        className="title"
      >
        Fun Fact!
      </p>
      <br />
      <p
        className="text"
      >
        Chocolate comes from a fruit tree; it’s made from a seed.
      </p>
    </div>
    <div
      className="content flexLayout"
    >
      <button
        className="button"
        onClick={[Function]}
      >
        Restart
      </button>
      <button
        className="button"
        onClick={[Function]}
        type="button"
      >
        Prev
      </button>
      <button
        className="button"
        onClick={[Function]}
        type="button"
      >
        Next
      </button>
    </div>
  </div>
  <div
    className="header flexLayout"
  >
    <h2
      className="app_name"
    >
      Shop By Category
    </h2>
  </div>
  <div
    className="store_container"
  >
    <div
      className="product_wrapper"
      id={1}
      onClick={[Function]}
    >
      <img
        alt="category"
        className="category_image"
        height="150"
        src="https://storcpdkenticomedia.blob.core.windows.net/media/recipemanagementsystem/media/recipe-media-files/recipes/retail/x17/16714-birthday-cake-600x600.jpg?ext=.jpg"
        width="150"
      />
      <p
        className="product_price"
      >
        Choclates
      </p>
    </div>
    <div
      className="product_wrapper"
      id={11}
      onClick={[Function]}
    >
      <img
        alt="category"
        className="category_image"
        height="150"
        src="https://storcpdkenticomedia.blob.core.windows.net/media/recipemanagementsystem/media/recipe-media-files/recipes/retail/x17/16714-birthday-cake-600x600.jpg?ext=.jpg"
        width="150"
      />
      <p
        className="product_price"
      >
        Taffy
      </p>
    </div>
    <div
      className="product_wrapper"
      id={122}
      onClick={[Function]}
    >
      <img
        alt="category"
        className="category_image"
        height="150"
        src="https://storcpdkenticomedia.blob.core.windows.net/media/recipemanagementsystem/media/recipe-media-files/recipes/retail/x17/16714-birthday-cake-600x600.jpg?ext=.jpg"
        width="150"
      />
      <p
        className="product_price"
      >
        Candy Bars
      </p>
    </div>
    <div
      className="product_wrapper"
      id={21}
      onClick={[Function]}
    >
      <img
        alt="category"
        className="category_image"
        height="150"
        src="https://storcpdkenticomedia.blob.core.windows.net/media/recipemanagementsystem/media/recipe-media-files/recipes/retail/x17/16714-birthday-cake-600x600.jpg?ext=.jpg"
        width="150"
      />
      <p
        className="product_price"
      >
        Lollipops
      </p>
    </div>
    <div
      className="product_wrapper"
      id={13}
      onClick={[Function]}
    >
      <img
        alt="category"
        className="category_image"
        height="150"
        src="https://storcpdkenticomedia.blob.core.windows.net/media/recipemanagementsystem/media/recipe-media-files/recipes/retail/x17/16714-birthday-cake-600x600.jpg?ext=.jpg"
        width="150"
      />
      <p
        className="product_price"
      >
        Chewing Gum
      </p>
    </div>
    <div
      className="product_wrapper"
      id={14}
      onClick={[Function]}
    >
      <img
        alt="category"
        className="category_image"
        height="150"
        src="https://storcpdkenticomedia.blob.core.windows.net/media/recipemanagementsystem/media/recipe-media-files/recipes/retail/x17/16714-birthday-cake-600x600.jpg?ext=.jpg"
        width="150"
      />
      <p
        className="product_price"
      >
        Hard Candy
      </p>
    </div>
    <div
      className="product_wrapper"
      id={15}
      onClick={[Function]}
    >
      <img
        alt="category"
        className="category_image"
        height="150"
        src="https://storcpdkenticomedia.blob.core.windows.net/media/recipemanagementsystem/media/recipe-media-files/recipes/retail/x17/16714-birthday-cake-600x600.jpg?ext=.jpg"
        width="150"
      />
      <p
        className="product_price"
      >
        Cotton Candy
      </p>
    </div>
    <div
      className="product_wrapper"
      id={12}
      onClick={[Function]}
    >
      <img
        alt="category"
        className="category_image"
        height="150"
        src="https://storcpdkenticomedia.blob.core.windows.net/media/recipemanagementsystem/media/recipe-media-files/recipes/retail/x17/16714-birthday-cake-600x600.jpg?ext=.jpg"
        width="150"
      />
      <p
        className="product_price"
      >
        Mints
      </p>
    </div>
    <div
      className="product_wrapper"
      id={114}
      onClick={[Function]}
    >
      <img
        alt="category"
        className="category_image"
        height="150"
        src="https://storcpdkenticomedia.blob.core.windows.net/media/recipemanagementsystem/media/recipe-media-files/recipes/retail/x17/16714-birthday-cake-600x600.jpg?ext=.jpg"
        width="150"
      />
      <p
        className="product_price"
      >
        Gems
      </p>
    </div>
  </div>
  <footer
    className="footer"
  >
    <div>
      © 2022 MyStore. All Rights Reserved.
    </div>
  </footer>
</div>
`;
